\BOOKMARK [0][-]{chapter*.1}{\376\377\000R\000e\000s\000u\000m\000e\000n}{}% 1
\BOOKMARK [0][-]{chapter.1}{\376\377\0001\000\040\000G\000e\000n\000e\000r\000a\000l\000i\000d\000a\000d\000e\000s}{}% 2
\BOOKMARK [1][-]{section.1.1}{\376\377\0001\000.\0001\000\040\000P\000r\000o\000b\000l\000e\000m\000\341\000t\000i\000c\000a}{chapter.1}% 3
\BOOKMARK [2][-]{subsection.1.1.1}{\376\377\0001\000.\0001\000.\0001\000\040\000\301\000r\000b\000o\000l\000\040\000d\000e\000\040\000P\000r\000o\000b\000l\000e\000m\000a\000s}{section.1.1}% 4
\BOOKMARK [2][-]{subsection.1.1.2}{\376\377\0001\000.\0001\000.\0002\000\040\000C\000a\000u\000s\000a\000s}{section.1.1}% 5
\BOOKMARK [2][-]{subsection.1.1.3}{\376\377\0001\000.\0001\000.\0003\000\040\000C\000o\000n\000s\000e\000c\000u\000e\000n\000c\000i\000a\000s}{section.1.1}% 6
\BOOKMARK [2][-]{subsection.1.1.4}{\376\377\0001\000.\0001\000.\0004\000\040\000P\000r\000o\000b\000l\000e\000m\000a\000\040\000s\000e\000l\000e\000c\000c\000i\000o\000n\000a\000d\000o}{section.1.1}% 7
\BOOKMARK [1][-]{section.1.2}{\376\377\0001\000.\0002\000\040\000O\000b\000j\000e\000t\000i\000v\000o\000s}{chapter.1}% 8
\BOOKMARK [2][-]{subsection.1.2.1}{\376\377\0001\000.\0002\000.\0001\000\040\000O\000b\000j\000e\000t\000i\000v\000o\000\040\000g\000e\000n\000e\000r\000a\000l}{section.1.2}% 9
\BOOKMARK [2][-]{subsection.1.2.2}{\376\377\0001\000.\0002\000.\0002\000\040\000O\000b\000j\000e\000t\000i\000v\000o\000s\000\040\000e\000s\000p\000e\000c\000\355\000f\000i\000c\000o\000s\000\040}{section.1.2}% 10
\BOOKMARK [2][-]{subsection.1.2.3}{\376\377\0001\000.\0002\000.\0003\000\040\000R\000e\000s\000u\000l\000t\000a\000d\000o\000s\000\040\000e\000s\000p\000e\000r\000a\000d\000o\000s}{section.1.2}% 11
\BOOKMARK [2][-]{subsection.1.2.4}{\376\377\0001\000.\0002\000.\0004\000\040\000M\000a\000p\000e\000o\000\040\000d\000e\000\040\000o\000b\000j\000e\000t\000i\000v\000o\000s\000,\000\040\000r\000e\000s\000u\000l\000t\000a\000d\000o\000s\000\040\000y\000\040\000v\000e\000r\000i\000f\000i\000c\000a\000c\000i\000\363\000n}{section.1.2}% 12
\BOOKMARK [1][-]{section.1.3}{\376\377\0001\000.\0003\000\040\000M\000\351\000t\000o\000d\000o\000s\000\040\000y\000\040\000P\000r\000o\000c\000e\000d\000i\000m\000i\000e\000n\000t\000o\000s}{chapter.1}% 13
\BOOKMARK [2][-]{subsection.1.3.1}{\376\377\0001\000.\0003\000.\0001\000\040\000H\000e\000r\000r\000a\000m\000i\000e\000n\000t\000a\000s\000:}{section.1.3}% 14
\BOOKMARK [2][-]{subsection.1.3.2}{\376\377\0001\000.\0003\000.\0002\000\040\000J\000u\000s\000t\000i\000f\000i\000c\000a\000c\000i\000\363\000n}{section.1.3}% 15
\BOOKMARK [2][-]{subsection.1.3.3}{\376\377\0001\000.\0003\000.\0003\000\040\000D\000e\000t\000a\000l\000l\000e}{section.1.3}% 16
\BOOKMARK [2][-]{subsection.1.3.4}{\376\377\0001\000.\0003\000.\0004\000\040\000M\000\351\000t\000o\000d\000o\000s}{section.1.3}% 17
\BOOKMARK [2][-]{subsection.1.3.5}{\376\377\0001\000.\0003\000.\0005\000\040\000P\000r\000o\000c\000e\000d\000i\000m\000i\000e\000n\000t\000o\000s}{section.1.3}% 18
\BOOKMARK [0][-]{chapter.2}{\376\377\0002\000\040\000M\000a\000r\000c\000o\000\040\000C\000o\000n\000c\000e\000p\000t\000u\000a\000l}{}% 19
\BOOKMARK [1][-]{section.2.1}{\376\377\0002\000.\0001\000\040\000I\000n\000t\000r\000o\000d\000u\000c\000c\000i\000\363\000n}{chapter.2}% 20
\BOOKMARK [1][-]{section.2.2}{\376\377\0002\000.\0002\000\040\000D\000e\000s\000a\000r\000r\000o\000l\000l\000o\000\040\000d\000e\000l\000\040\000m\000a\000r\000c\000o}{chapter.2}% 21
\BOOKMARK [2][-]{subsection.2.2.1}{\376\377\0002\000.\0002\000.\0001\000\040\000P\000r\000o\000c\000e\000s\000a\000m\000i\000e\000n\000t\000o\000\040\000d\000e\000\040\000L\000e\000n\000g\000u\000a\000j\000e\000\040\000N\000a\000t\000u\000r\000a\000l\000\040\000\050\000N\000L\000P\000\051}{section.2.2}% 22
\BOOKMARK [2][-]{subsection.2.2.2}{\376\377\0002\000.\0002\000.\0002\000\040\000L\000e\000n\000g\000u\000a\000s\000\040\000d\000e\000\040\000b\000a\000j\000o\000\040\000r\000e\000c\000u\000r\000s\000o\000s\000\040\000\050\000L\000R\000L\000\051}{section.2.2}% 23
\BOOKMARK [2][-]{subsection.2.2.3}{\376\377\0002\000.\0002\000.\0003\000\040\000A\000l\000i\000n\000e\000a\000c\000i\000\363\000n\000\040\000o\000r\000a\000c\000i\000\363\000n\000\040\000a\000\040\000o\000r\000a\000c\000i\000\363\000n}{section.2.2}% 24
\BOOKMARK [2][-]{subsection.2.2.4}{\376\377\0002\000.\0002\000.\0004\000\040\000P\000r\000e\000p\000r\000o\000c\000e\000s\000a\000m\000i\000e\000n\000t\000o\000\040\000y\000\040\000t\000o\000k\000e\000n\000i\000z\000a\000c\000i\000\363\000n\000\040\000s\000u\000b\000-\000p\000a\000l\000a\000b\000r\000a}{section.2.2}% 25
\BOOKMARK [2][-]{subsection.2.2.5}{\376\377\0002\000.\0002\000.\0005\000\040\000A\000u\000m\000e\000n\000t\000o\000\040\000d\000e\000\040\000d\000a\000t\000o\000s\000\040\000\050\000d\000a\000t\000a\000\040\000a\000u\000g\000m\000e\000n\000t\000a\000t\000i\000o\000n\000\051}{section.2.2}% 26
\BOOKMARK [2][-]{subsection.2.2.6}{\376\377\0002\000.\0002\000.\0006\000\040\000T\000r\000a\000n\000s\000f\000e\000r\000\040\000l\000e\000a\000r\000n\000i\000n\000g\000\040\000y\000\040\000m\000o\000d\000e\000l\000o\000s\000\040\000m\000u\000l\000t\000i\000l\000i\000n\000g\000\374\000e\000s\000\040}{section.2.2}% 27
\BOOKMARK [2][-]{subsection.2.2.7}{\376\377\0002\000.\0002\000.\0007\000\040\000A\000d\000a\000p\000t\000a\000c\000i\000\363\000n\000\040\000e\000f\000i\000c\000i\000e\000n\000t\000e\000\040\000\050\000a\000d\000a\000p\000t\000e\000r\000s\000/\000L\000o\000R\000A\000\051}{section.2.2}% 28
\BOOKMARK [2][-]{subsection.2.2.8}{\376\377\0002\000.\0002\000.\0008\000\040\000R\000e\000p\000r\000e\000s\000e\000n\000t\000a\000c\000i\000o\000n\000e\000s\000\040\000v\000e\000c\000t\000o\000r\000i\000a\000l\000e\000s\000\040\000\050\000e\000m\000b\000e\000d\000d\000i\000n\000g\000s\000\051\000\040\000y\000\040\000m\000i\000n\000e\000r\000\355\000a\000/\000f\000i\000l\000t\000r\000a\000d\000o}{section.2.2}% 29
\BOOKMARK [2][-]{subsection.2.2.9}{\376\377\0002\000.\0002\000.\0009\000\040\000B\000L\000E\000U\000\040\000\050\000B\000i\000l\000i\000n\000g\000u\000a\000l\000\040\000E\000v\000a\000l\000u\000a\000t\000i\000o\000n\000\040\000U\000n\000d\000e\000r\000s\000t\000u\000d\000y\000\051}{section.2.2}% 30
\BOOKMARK [2][-]{subsection.2.2.10}{\376\377\0002\000.\0002\000.\0001\0000\000\040\000c\000h\000r\000F\000\040\000\050\000c\000a\000r\000\341\000c\000t\000e\000r\000\040\000n\000-\000g\000r\000a\000m\000\040\000F\000-\000s\000c\000o\000r\000e\000\051}{section.2.2}% 31
\BOOKMARK [2][-]{subsection.2.2.11}{\376\377\0002\000.\0002\000.\0001\0001\000\040\000B\000E\000R\000T\000S\000c\000o\000r\000e\000\040\000y\000\040\000C\000O\000M\000E\000T}{section.2.2}% 32
\BOOKMARK [0][-]{chapter.3}{\376\377\0003\000\040\000E\000s\000t\000a\000d\000o\000\040\000d\000e\000l\000\040\000A\000r\000t\000e}{}% 33
\BOOKMARK [1][-]{section.3.1}{\376\377\0003\000.\0001\000\040\000I\000n\000t\000r\000o\000d\000u\000c\000c\000i\000\363\000n}{chapter.3}% 34
\BOOKMARK [1][-]{section.3.2}{\376\377\0003\000.\0002\000\040\000O\000b\000j\000e\000t\000i\000v\000o\000s\000\040\000d\000e\000\040\000r\000e\000v\000i\000s\000i\000\363\000n}{chapter.3}% 35
\BOOKMARK [1][-]{section.3.3}{\376\377\0003\000.\0003\000\040\000P\000r\000e\000g\000u\000n\000t\000a\000s\000\040\000d\000e\000\040\000r\000e\000v\000i\000s\000i\000\363\000n}{chapter.3}% 36
\BOOKMARK [1][-]{section.3.4}{\376\377\0003\000.\0004\000\040\000E\000s\000t\000r\000a\000t\000e\000g\000i\000a\000\040\000d\000e\000\040\000b\000\372\000s\000q\000u\000e\000d\000a}{chapter.3}% 37
\BOOKMARK [2][-]{subsection.3.4.1}{\376\377\0003\000.\0004\000.\0001\000\040\000M\000o\000t\000o\000r\000e\000s\000\040\000d\000e\000\040\000b\000\372\000s\000q\000u\000e\000d\000a\000\040\000a\000\040\000u\000s\000a\000r}{section.3.4}% 38
\BOOKMARK [2][-]{subsection.3.4.2}{\376\377\0003\000.\0004\000.\0002\000\040\000C\000a\000d\000e\000n\000a\000s\000\040\000d\000e\000\040\000b\000\372\000s\000q\000u\000e\000d\000a\000\040\000a\000\040\000u\000s\000a\000r}{section.3.4}% 39
\BOOKMARK [2][-]{subsection.3.4.3}{\376\377\0003\000.\0004\000.\0003\000\040\000D\000o\000c\000u\000m\000e\000n\000t\000o\000s\000\040\000e\000n\000c\000o\000n\000t\000r\000a\000d\000o\000s}{section.3.4}% 40
\BOOKMARK [2][-]{subsection.3.4.4}{\376\377\0003\000.\0004\000.\0004\000\040\000C\000r\000i\000t\000e\000r\000i\000o\000s\000\040\000d\000e\000\040\000i\000n\000c\000l\000u\000s\000i\000\363\000n\000/\000e\000x\000c\000l\000u\000s\000i\000\363\000n}{section.3.4}% 41
\BOOKMARK [1][-]{section.3.5}{\376\377\0003\000.\0005\000\040\000F\000o\000r\000m\000u\000l\000a\000r\000i\000o\000\040\000d\000e\000\040\000e\000x\000t\000r\000a\000c\000c\000i\000\363\000n\000\040\000d\000e\000\040\000d\000a\000t\000o\000s}{chapter.3}% 42
\BOOKMARK [1][-]{section.3.6}{\376\377\0003\000.\0006\000\040\000R\000e\000s\000u\000l\000t\000a\000d\000o\000s\000\040\000d\000e\000\040\000l\000a\000\040\000r\000e\000v\000i\000s\000i\000\363\000n}{chapter.3}% 43
\BOOKMARK [2][-]{subsection.3.6.1}{\376\377\0003\000.\0006\000.\0001\000\040\000\277\000Q\000u\000\351\000\040\000t\000\351\000c\000n\000i\000c\000a\000s\000\040\000d\000e\000\040\000g\000e\000n\000e\000r\000a\000c\000i\000\363\000n\000\040\000y\000\040\000a\000m\000p\000l\000i\000a\000c\000i\000\363\000n\000\040\000d\000e\000\040\000d\000a\000t\000o\000s\000\040\000\050\000b\000a\000c\000k\000-\000t\000r\000a\000n\000s\000l\000a\000t\000i\000o\000n\000,\000\040\000m\000u\000t\000a\000c\000i\000\363\000n\000\040\000s\000e\000m\000\341\000n\000t\000i\000c\000a\000,\000\040\000p\000a\000r\000a\000p\000h\000r\000a\000s\000i\000n\000g\000,\000\040\000p\000i\000v\000o\000t\000i\000n\000g\000,\000\040\000f\000i\000l\000t\000r\000a\000d\000o\000\040\000p\000o\000r\000\040\000e\000m\000b\000e\000d\000d\000i\000n\000g\000s\000,\000\040\000e\000t\000c\000.\000\051\000\040\000p\000r\000o\000d\000u\000c\000e\000n\000\040\000m\000e\000j\000o\000r\000a\000s\000\040\000r\000e\000p\000r\000o\000d\000u\000c\000i\000b\000l\000e\000s\000\040\000e\000n\000\040\000N\000M\000T\000\040\000p\000a\000r\000a\000\040\000p\000a\000r\000e\000s\000\040\000d\000e\000\040\000m\000u\000y\000\040\000b\000a\000j\000o\000s\000\040\000r\000e\000c\000u\000r\000s\000o\000s\000?}{section.3.6}% 44
\BOOKMARK [2][-]{subsection.3.6.2}{\376\377\0003\000.\0006\000.\0002\000\040\000\277\000Q\000u\000\351\000\040\000a\000r\000q\000u\000i\000t\000e\000c\000t\000u\000r\000a\000s\000\040\000y\000\040\000e\000s\000t\000r\000a\000t\000e\000g\000i\000a\000s\000\040\000d\000e\000\040\000e\000n\000t\000r\000e\000n\000a\000m\000i\000e\000n\000t\000o\000\040\000\050\000m\000u\000l\000t\000i\000l\000i\000n\000g\000\374\000e\000,\000\040\000t\000r\000a\000n\000s\000f\000e\000r\000\040\000l\000e\000a\000r\000n\000i\000n\000g\000,\000\040\000f\000i\000n\000e\000-\000t\000u\000n\000i\000n\000g\000\040\000b\000i\000d\000i\000r\000e\000c\000c\000i\000o\000n\000a\000l\000,\000\040\000a\000d\000a\000p\000t\000e\000r\000s\000,\000\040\000f\000e\000w\000/\000z\000e\000r\000o\000-\000s\000h\000o\000t\000\051\000\040\000o\000f\000r\000e\000c\000e\000n\000\040\000e\000l\000\040\000m\000e\000j\000o\000r\000\040\000b\000a\000l\000a\000n\000c\000e\000\040\000e\000n\000t\000r\000e\000\040\000r\000e\000n\000d\000i\000m\000i\000e\000n\000t\000o\000\040\000y\000\040\000c\000o\000s\000t\000e\000\040\000c\000o\000m\000p\000u\000t\000a\000c\000i\000o\000n\000a\000l\000\040\000p\000a\000r\000a\000\040\000u\000n\000\040\000m\000o\000d\000e\000l\000o\000\040\000s\000h\000i\000w\000i\000l\000u\000-\000c\000a\000s\000t\000e\000l\000l\000a\000n\000o\000,\000\040\000y\000\040\000q\000u\000\351\000\040\000b\000a\000s\000e\000l\000i\000n\000e\000s\000\040\000s\000o\000n\000\040\000a\000p\000r\000o\000p\000i\000a\000d\000o\000s\000\040\000p\000a\000r\000a\000\040\000l\000a\000\040\000c\000o\000m\000p\000a\000r\000a\000c\000i\000\363\000n\000?}{section.3.6}% 45
\BOOKMARK [2][-]{subsection.3.6.3}{\376\377\0003\000.\0006\000.\0003\000\040\000\277\000Q\000u\000\351\000\040\000m\000\351\000t\000r\000i\000c\000a\000s\000\040\000a\000u\000t\000o\000m\000\341\000t\000i\000c\000a\000s\000\040\000\050\000B\000L\000E\000U\000,\000\040\000C\000h\000r\000F\000+\000+\000,\000\040\000T\000E\000R\000,\000\040\000\277\000e\000t\000c\000.\000\051\000\040\000y\000\040\000p\000r\000o\000c\000e\000d\000i\000m\000i\000e\000n\000t\000o\000s\000\040\000d\000e\000\040\000v\000a\000l\000i\000d\000a\000c\000i\000\363\000n\000\040\000c\000o\000m\000b\000i\000n\000a\000d\000a\000\040\000\050\000e\000v\000a\000l\000u\000a\000c\000i\000\363\000n\000\040\000a\000u\000t\000o\000m\000\341\000t\000i\000c\000a\000\040\000+\000\040\000p\000r\000u\000e\000b\000a\000s\000\040\000p\000a\000r\000t\000i\000c\000i\000p\000a\000t\000i\000v\000a\000s\000\040\000c\000o\000n\000\040\000h\000a\000b\000l\000a\000n\000t\000e\000s\000\051\000\040\000s\000o\000n\000\040\000m\000\341\000s\000\040\000a\000d\000e\000c\000u\000a\000d\000o\000s\000\040\000y\000\040\000f\000i\000a\000b\000l\000e\000s\000\040\000p\000a\000r\000a\000\040\000m\000e\000d\000i\000r\000\040\000a\000d\000e\000c\000u\000a\000c\000i\000\363\000n\000\040\000l\000i\000n\000g\000\374\000\355\000s\000t\000i\000c\000a\000\040\000y\000\040\000p\000e\000r\000t\000i\000n\000e\000n\000c\000i\000a\000\040\000c\000u\000l\000t\000u\000r\000a\000l\000\040\000e\000n\000\040\000t\000r\000a\000d\000u\000c\000c\000i\000o\000n\000e\000s\000\040\000d\000e\000\040\000l\000e\000n\000g\000u\000a\000s\000\040\000o\000r\000i\000g\000i\000n\000a\000r\000i\000a\000s\000\040\000c\000o\000n\000\040\000c\000o\000r\000p\000u\000s\000\040\000e\000s\000c\000a\000s\000o\000?}{section.3.6}% 46
\BOOKMARK [1][-]{section.3.7}{\376\377\0003\000.\0007\000\040\000C\000o\000n\000c\000l\000u\000s\000i\000o\000n\000e\000s}{chapter.3}% 47
\BOOKMARK [0][-]{chapter.4}{\376\377\0004\000\040\000R\000e\000c\000o\000p\000i\000l\000a\000c\000i\000\363\000n\000\040\000y\000\040\000p\000r\000e\000p\000a\000r\000a\000c\000i\000\363\000n\000\040\000i\000n\000i\000c\000i\000a\000l\000\040\000d\000e\000l\000\040\000c\000o\000r\000p\000u\000s\000\040\000b\000i\000l\000i\000n\000g\000\374\000e}{}% 48
\BOOKMARK [1][-]{section.4.1}{\376\377\0004\000.\0001\000\040\000I\000n\000t\000r\000o\000d\000u\000c\000c\000i\000\363\000n}{chapter.4}% 49
\BOOKMARK [1][-]{section.4.2}{\376\377\0004\000.\0002\000\040\000R\000e\000s\000u\000l\000t\000a\000d\000o\000s\000\040\000a\000l\000c\000a\000n\000z\000a\000d\000o\000s}{chapter.4}% 50
\BOOKMARK [2][-]{subsection.4.2.1}{\376\377\0004\000.\0002\000.\0001\000\040\000R\0001\000:\000\040\000c\000o\000r\000p\000u\000s\000\040\000p\000a\000r\000a\000l\000e\000l\000o\000\040\000d\000e\000p\000u\000r\000a\000d\000o\000,\000\040\000a\000l\000i\000n\000e\000a\000d\000o\000\040\000y\000\040\000p\000a\000r\000t\000i\000c\000i\000o\000n\000a\000d\000o}{section.4.2}% 51
\BOOKMARK [2][-]{subsection.4.2.2}{\376\377\0004\000.\0002\000.\0002\000\040\000F\000u\000e\000n\000t\000e\000s\000\040\000d\000e\000l\000\040\000c\000o\000r\000p\000u\000s\000\040\000b\000i\000l\000i\000n\000g\000\374\000e}{section.4.2}% 52
\BOOKMARK [2][-]{subsection.4.2.3}{\376\377\0004\000.\0002\000.\0003\000\040\000C\000o\000n\000s\000t\000r\000u\000c\000c\000i\000\363\000n\000,\000\040\000n\000o\000r\000m\000a\000l\000i\000z\000a\000c\000i\000\363\000n\000\040\000y\000\040\000a\000u\000d\000i\000t\000o\000r\000\355\000a\000\040\000d\000e\000l\000\040\000c\000o\000r\000p\000u\000s}{section.4.2}% 53
\BOOKMARK [2][-]{subsection.4.2.4}{\376\377\0004\000.\0002\000.\0004\000\040\000C\000a\000r\000a\000c\000t\000e\000r\000i\000z\000a\000c\000i\000\363\000n\000\040\000d\000e\000l\000\040\000c\000o\000r\000p\000u\000s\000\040\000p\000r\000e\000p\000a\000r\000a\000d\000o}{section.4.2}% 54
\BOOKMARK [2][-]{subsection.4.2.5}{\376\377\0004\000.\0002\000.\0005\000\040\000P\000a\000r\000t\000i\000c\000i\000o\000n\000e\000s\000\040\000r\000e\000p\000r\000o\000d\000u\000c\000i\000b\000l\000e\000s\000\040\000d\000e\000l\000\040\000c\000o\000r\000p\000u\000s}{section.4.2}% 55
\BOOKMARK [2][-]{subsection.4.2.6}{\376\377\0004\000.\0002\000.\0006\000\040\000R\0002\000:\000\040\000m\000o\000d\000e\000l\000o\000\040\000d\000e\000\040\000e\000m\000b\000e\000d\000d\000i\000n\000g\000s\000\040\000p\000r\000e\000p\000a\000r\000a\000d\000o\000\040\000y\000\040\000e\000v\000a\000l\000u\000a\000d\000o}{section.4.2}% 56
\BOOKMARK [1][-]{section.4.3}{\376\377\0004\000.\0003\000\040\000D\000i\000s\000c\000u\000s\000i\000\363\000n}{chapter.4}% 57
\BOOKMARK [0][-]{chapter.5}{\376\377\0005\000\040\000S\000i\000s\000t\000e\000m\000a\000\040\000d\000e\000\040\000t\000r\000a\000d\000u\000c\000c\000i\000\363\000n\000\040\000n\000e\000u\000r\000o\000n\000a\000l\000\040\000S\000A\000-\000B\000i\000N\000L\000L\000B}{}% 58
\BOOKMARK [1][-]{section.5.1}{\376\377\0005\000.\0001\000\040\000I\000n\000t\000r\000o\000d\000u\000c\000c\000i\000\363\000n}{chapter.5}% 59
\BOOKMARK [1][-]{section.5.2}{\376\377\0005\000.\0002\000\040\000R\000e\000s\000u\000l\000t\000a\000d\000o\000s\000\040\000a\000l\000c\000a\000n\000z\000a\000d\000o\000s}{chapter.5}% 60
\BOOKMARK [2][-]{subsection.5.2.1}{\376\377\0005\000.\0002\000.\0001\000\040\000A\000r\000q\000u\000i\000t\000e\000c\000t\000u\000r\000a\000\040\000g\000e\000n\000e\000r\000a\000l}{section.5.2}% 61
\BOOKMARK [2][-]{subsection.5.2.2}{\376\377\0005\000.\0002\000.\0002\000\040\000D\000a\000t\000o\000s\000\040\000c\000a\000n\000\363\000n\000i\000c\000o\000s\000\040\000p\000a\000r\000a\000\040\000N\000M\000T}{section.5.2}% 62
\BOOKMARK [2][-]{subsection.5.2.3}{\376\377\0005\000.\0002\000.\0003\000\040\000F\000i\000l\000t\000r\000a\000d\000o\000\040\000s\000e\000m\000\341\000n\000t\000i\000c\000o\000\040\000d\000e\000\040\000c\000a\000l\000i\000d\000a\000d}{section.5.2}% 63
\BOOKMARK [2][-]{subsection.5.2.4}{\376\377\0005\000.\0002\000.\0004\000\040\000E\000n\000t\000r\000e\000n\000a\000m\000i\000e\000n\000t\000o\000\040\000d\000e\000l\000\040\000m\000o\000d\000e\000l\000o\000\040\000v\0000}{section.5.2}% 64
\BOOKMARK [2][-]{subsection.5.2.5}{\376\377\0005\000.\0002\000.\0005\000\040\000A\000u\000g\000m\000e\000n\000t\000a\000c\000i\000\363\000n\000\040\000d\000e\000\040\000d\000a\000t\000o\000s\000\040\000p\000a\000r\000a\000\040\000v\0001\000b\000t}{section.5.2}% 65
\BOOKMARK [2][-]{subsection.5.2.6}{\376\377\0005\000.\0002\000.\0006\000\040\000E\000v\000a\000l\000u\000a\000c\000i\000\363\000n\000\040\000a\000u\000t\000o\000m\000\341\000t\000i\000c\000a\000\040\000y\000\040\000a\000b\000l\000a\000c\000i\000o\000n\000e\000s}{section.5.2}% 66
\BOOKMARK [1][-]{section.5.3}{\376\377\0005\000.\0003\000\040\000D\000i\000s\000c\000u\000s\000i\000\363\000n}{chapter.5}% 67
\BOOKMARK [1][-]{section.5.4}{\376\377\0005\000.\0004\000\040\000C\000o\000n\000c\000l\000u\000s\000i\000\363\000n\000\040\000d\000e\000l\000\040\000c\000a\000p\000\355\000t\000u\000l\000o}{chapter.5}% 68
\BOOKMARK [0][-]{chapter.6}{\376\377\0006\000\040\000P\000r\000o\000t\000o\000c\000o\000l\000o\000\040\000d\000e\000\040\000v\000a\000l\000i\000d\000a\000c\000i\000\363\000n\000\040\000a\000u\000t\000o\000m\000\341\000t\000i\000c\000a\000\040\000y\000\040\000p\000a\000r\000t\000i\000c\000i\000p\000a\000t\000i\000v\000a}{}% 69
\BOOKMARK [1][-]{section.6.1}{\376\377\0006\000.\0001\000\040\000I\000n\000t\000r\000o\000d\000u\000c\000c\000i\000\363\000n}{chapter.6}% 70
\BOOKMARK [1][-]{section.6.2}{\376\377\0006\000.\0002\000\040\000R\000e\000s\000u\000l\000t\000a\000d\000o\000s\000\040\000a\000l\000c\000a\000n\000z\000a\000d\000o\000s}{chapter.6}% 71
\BOOKMARK [1][-]{section.6.3}{\376\377\0006\000.\0003\000\040\000D\000i\000s\000c\000u\000s\000i\000\363\000n}{chapter.6}% 72
\BOOKMARK [1][-]{section.6.4}{\376\377\0006\000.\0004\000\040\000C\000o\000n\000c\000l\000u\000s\000i\000\363\000n\000\040\000d\000e\000l\000\040\000c\000a\000p\000\355\000t\000u\000l\000o}{chapter.6}% 73
\BOOKMARK [0][-]{chapter.7}{\376\377\0007\000\040\000C\000o\000n\000c\000l\000u\000s\000i\000o\000n\000e\000s\000\040\000y\000\040\000t\000r\000a\000b\000a\000j\000o\000s\000\040\000f\000u\000t\000u\000r\000o\000s}{}% 74
\BOOKMARK [1][-]{section.7.1}{\376\377\0007\000.\0001\000\040\000C\000o\000n\000c\000l\000u\000s\000i\000o\000n\000e\000s}{chapter.7}% 75
\BOOKMARK [1][-]{section.7.2}{\376\377\0007\000.\0002\000\040\000T\000r\000a\000b\000a\000j\000o\000s\000\040\000f\000u\000t\000u\000r\000o\000s}{chapter.7}% 76
\BOOKMARK [0][-]{chapter*.26}{\376\377\000R\000e\000f\000e\000r\000e\000n\000c\000i\000a\000s}{}% 77
\BOOKMARK [0][-]{appendix.A}{\376\377\000A\000\040\000A\000n\000e\000x\000o\000s}{}% 78
\BOOKMARK [1][-]{section*.28}{\376\377\000A\000n\000e\000x\000o\000\040\000B\000:\000\040\000D\000o\000c\000u\000m\000e\000n\000t\000o\000\040\000r\000e\000p\000r\000o\000d\000u\000c\000i\000b\000l\000e\000\040\000d\000e\000l\000\040\000p\000r\000o\000c\000e\000s\000o\000\040\000d\000e\000\040\000c\000o\000r\000p\000u\000s\000\040\000y\000\040\000e\000m\000b\000e\000d\000d\000i\000n\000g\000s}{appendix.A}% 79
\BOOKMARK [1][-]{table.A.11}{\376\377\000A\000n\000e\000x\000o\000\040\000C\000:\000\040\000D\000o\000c\000u\000m\000e\000n\000t\000o\000\040\000r\000e\000p\000r\000o\000d\000u\000c\000i\000b\000l\000e\000\040\000d\000e\000l\000\040\000s\000i\000s\000t\000e\000m\000a\000\040\000N\000M\000T\000\040\000S\000A\000-\000B\000i\000N\000L\000L\000B}{appendix.A}% 80
