======================================================================
  EVALUACIÓN DE RETRIEVAL BILINGÜE
======================================================================

  Modelo: C:\Users\Personal\Desktop\Recopilatorio\Tesis\Desarrollo\models\sentence_transformers\v3_iterative_hn_e5_base_bidirectional_xl
  Dirección: esp_to_shi
  Cargando split: test (xl)
  Pares: 446

  Evaluando retrieval...
Batches:   0%|          | 0/7 [00:00<?, ?it/s]Batches:  14%|#4        | 1/7 [00:00<00:01,  3.72it/s]Batches:  57%|#####7    | 4/7 [00:00<00:00, 12.04it/s]Batches: 100%|##########| 7/7 [00:00<00:00, 14.83it/s]
Batches:   0%|          | 0/7 [00:00<?, ?it/s]Batches:  14%|#4        | 1/7 [00:00<00:01,  4.85it/s]Batches:  43%|####2     | 3/7 [00:00<00:00,  9.85it/s]Batches:  86%|########5 | 6/7 [00:00<00:00, 16.20it/s]Batches: 100%|##########| 7/7 [00:00<00:00, 14.80it/s]

  --------------------------------------------------
  RETRIEVAL [v3_iterative_hn_e5_base_bidirectional_xl_esp_to_shi] — C:\Users\Personal\Desktop\Recopilatorio\Tesis\Desarrollo\models\sentence_transformers\v3_iterative_hn_e5_base_bidirectional_xl
  --------------------------------------------------
    Total pares:  446
    Recall@1:     0.8296
    Recall@5:     0.9462
    Recall@10:    0.9664
    MRR:          0.8797
    Mean Rank:    2.8
    Positivos/q:  1.18

    Distribución de ranks:
      Rank 1:      370
      Rank 2-5:    52
      Rank 6-10:   9
      Rank 11-50:  9
      Rank 51+:    6

    Reporte:      C:\Users\Personal\Desktop\Recopilatorio\Tesis\Desarrollo\reports\04_embeddings\experiments\v3_iterative_hn_e5_base_bidirectional_xl\v3_iterative_hn_e5_base_bidirectional_xl_esp_to_shi_retrieval.json
    Cualitativo:  C:\Users\Personal\Desktop\Recopilatorio\Tesis\Desarrollo\reports\04_embeddings\experiments\v3_iterative_hn_e5_base_bidirectional_xl\v3_iterative_hn_e5_base_bidirectional_xl_esp_to_shi_qualitative.csv

======================================================================
