======================================================================
  EVALUACIÓN DE RETRIEVAL BILINGÜE
======================================================================

  Modelo: C:\Users\Personal\Desktop\Recopilatorio\Tesis\Desarrollo\models\sentence_transformers\v3_iterative_hn_e5_base_bidirectional_xl
  Dirección: shi_to_esp
  Cargando split: test (xl)
  Pares: 446

  Evaluando retrieval...
Batches:   0%|          | 0/7 [00:00<?, ?it/s]Batches:  14%|#4        | 1/7 [00:00<00:02,  2.76it/s]Batches:  43%|####2     | 3/7 [00:00<00:00,  6.92it/s]Batches:  86%|########5 | 6/7 [00:00<00:00, 12.59it/s]Batches: 100%|##########| 7/7 [00:00<00:00, 10.89it/s]
Batches:   0%|          | 0/7 [00:00<?, ?it/s]Batches:  14%|#4        | 1/7 [00:00<00:00,  9.09it/s]Batches:  57%|#####7    | 4/7 [00:00<00:00, 19.37it/s]Batches: 100%|##########| 7/7 [00:00<00:00, 22.95it/s]

  --------------------------------------------------
  RETRIEVAL [v3_iterative_hn_e5_base_bidirectional_xl_shi_to_esp] — C:\Users\Personal\Desktop\Recopilatorio\Tesis\Desarrollo\models\sentence_transformers\v3_iterative_hn_e5_base_bidirectional_xl
  --------------------------------------------------
    Total pares:  446
    Recall@1:     0.8318
    Recall@5:     0.9529
    Recall@10:    0.9753
    MRR:          0.8820
    Mean Rank:    2.9
    Positivos/q:  1.18

    Distribución de ranks:
      Rank 1:      371
      Rank 2-5:    54
      Rank 6-10:   10
      Rank 11-50:  6
      Rank 51+:    5

    Reporte:      C:\Users\Personal\Desktop\Recopilatorio\Tesis\Desarrollo\reports\04_embeddings\experiments\v3_iterative_hn_e5_base_bidirectional_xl\v3_iterative_hn_e5_base_bidirectional_xl_shi_to_esp_retrieval.json
    Cualitativo:  C:\Users\Personal\Desktop\Recopilatorio\Tesis\Desarrollo\reports\04_embeddings\experiments\v3_iterative_hn_e5_base_bidirectional_xl\v3_iterative_hn_e5_base_bidirectional_xl_shi_to_esp_qualitative.csv

======================================================================
