sentencepiece_trainer.cc(78) LOG(INFO) Starts training with : 
trainer_spec {
  input: C:\Users\Personal\Desktop\Recopilatorio\Tesis\Desarrollo\data\processed\05_nmt_canonical_xl\all_text_for_sp_nmt.txt
  input_format: 
  model_prefix: C:\Users\Personal\Desktop\Recopilatorio\Tesis\Desarrollo\models\nmt\sentencepiece\sp_unigram_8k
  model_type: UNIGRAM
  vocab_size: 8000
  self_test_sample_size: 0
  character_coverage: 1
  input_sentence_size: 0
  shuffle_input_sentence: 1
  seed_sentencepiece_size: 1000000
  shrinking_factor: 0.75
  max_sentence_length: 4192
  num_threads: 16
  num_sub_iterations: 2
  max_sentencepiece_length: 16
  split_by_unicode_script: 1
  split_by_number: 1
  split_by_whitespace: 1
  split_digits: 0
  pretokenization_delimiter: 
  treat_whitespace_as_suffix: 0
  allow_whitespace_only_pieces: 0
  required_chars: 
  byte_fallback: 0
  vocabulary_output_piece_score: 1
  train_extremely_large_corpus: 0
  seed_sentencepieces_file: 
  hard_vocab_limit: 0
  use_all_vocab: 0
  unk_id: 1
  bos_id: 2
  eos_id: 3
  pad_id: 0
  unk_piece: <unk>
  bos_piece: <s>
  eos_piece: </s>
  pad_piece: <pad>
  unk_surface:  ⁇ 
  enable_differential_privacy: 0
  differential_privacy_noise_level: 0
  differential_privacy_clipping_threshold: 0
}
normalizer_spec {
  name: identity
  add_dummy_prefix: 1
  remove_extra_whitespaces: 1
  escape_whitespaces: 1
  normalization_rule_tsv: 
}
denormalizer_spec {}
trainer_interface.cc(353) LOG(INFO) SentenceIterator is not specified. Using MultiFileSentenceIterator.
trainer_interface.cc(185) LOG(INFO) Loading corpus: C:\Users\Personal\Desktop\Recopilatorio\Tesis\Desarrollo\data\processed\05_nmt_canonical_xl\all_text_for_sp_nmt.txt
trainer_interface.cc(409) LOG(INFO) Loaded all 7120 sentences
trainer_interface.cc(425) LOG(INFO) Adding meta_piece: <pad>
trainer_interface.cc(425) LOG(INFO) Adding meta_piece: <unk>
trainer_interface.cc(425) LOG(INFO) Adding meta_piece: <s>
trainer_interface.cc(425) LOG(INFO) Adding meta_piece: </s>
trainer_interface.cc(430) LOG(INFO) Normalizing sentences...
trainer_interface.cc(539) LOG(INFO) all chars count=202547
trainer_interface.cc(560) LOG(INFO) Alphabet size=61
trainer_interface.cc(561) LOG(INFO) Final character coverage=1
trainer_interface.cc(592) LOG(INFO) Done! preprocessed 7120 sentences.
unigram_model_trainer.cc(265) LOG(INFO) Making suffix array...
unigram_model_trainer.cc(269) LOG(INFO) Extracting frequent sub strings... node_num=115226
unigram_model_trainer.cc(312) LOG(INFO) Initialized 17273 seed sentencepieces
trainer_interface.cc(598) LOG(INFO) Tokenizing input sentences with whitespace: 7120
trainer_interface.cc(609) LOG(INFO) Done! 10319
unigram_model_trainer.cc(602) LOG(INFO) Using 10319 sentences for EM training
unigram_model_trainer.cc(618) LOG(INFO) EM sub_iter=0 size=6028 obj=16.3711 num_tokens=31031 num_tokens/piece=5.14781
unigram_model_trainer.cc(618) LOG(INFO) EM sub_iter=1 size=5205 obj=13.3962 num_tokens=31561 num_tokens/piece=6.06359
trainer_interface.cc(687) LOG(INFO) Saving model: C:\Users\Personal\Desktop\Recopilatorio\Tesis\Desarrollo\models\nmt\sentencepiece\sp_unigram_8k.model
trainer_interface.cc(699) LOG(INFO) Saving vocabs: C:\Users\Personal\Desktop\Recopilatorio\Tesis\Desarrollo\models\nmt\sentencepiece\sp_unigram_8k.vocab
[phase3] corpus -> data\processed\05_nmt_canonical_xl\all_text_for_sp_nmt.txt (7120 lines)
[phase3] sp model -> models\nmt\sentencepiece\sp_unigram_8k.model
[phase3] sp vocab -> models\nmt\sentencepiece\sp_unigram_8k.vocab
[phase3] loading NLLB tokenizer (facebook/nllb-200-distilled-600M) for comparison ...
[phase3] report -> reports\05_nmt\preprocessing_xl\sentencepiece_stats.json
[phase3] avg tokens on Shiwilu: SP unigram = 11.54, NLLB = 13.90
